{
 "Value": 19,
 "Flags": [
  "FirstBit",
  "FourthBit"
 ],
 "FlagsBitfieldSecondNibble": [
  "ZeroBit"
 ]
}