{
 "FirstByte": "ONE",
 "SecondByte": "TWO",
 "BitFieldValue": 5,
 "BitField": "ONE"
}