{
 "Value": 6553708,
 "Timestamp1": "2023-11-14T16:12:17Z",
 "Timestamp2": "2023-11-14T16:12:17Z",
 "Timestamp3": "2023-11-14T16:12:17Z",
 "WinFileTime": "2023-11-14T16:12:03Z",
 "WinFileTime2": "2023-11-14T16:12:03Z"
}