{
 "Length": 2,
 "Field1": [
  3,
  4
 ],
 "Field2": [
  {
   "SecondField1": 4
  },
  {
   "SecondField1": 9
  }
 ]
}