{
 "Value": 19,
 "FirstNibble": 3,
 "SecondNibble": 1
}